scone
stunk
stair
chews
gassy
bribe
store
obeys
gaffe
genie
rheum
fiats
tress
preps
spree
doled
omega
shape
qualm
shams
alder
slack
biker
offer
ultra
whips
mango
gouge
stuck
score
knave
wasps
pinup
weepy
curst
porno
ocean
shirt
twigs
aware
cards
sloth
togae
slurs
pends
magic
beret
prank
tubed
shill
hurls
acmes
flied
stuns
optic
joyed
loser
inbox
close
dense
doily
fable
lyres
shell
axial
exert
gulfs
moose
stain
scars
brunt
quasi
joker
natty
locks
caked
opera
drake
scram
build
deans
oxide
polka
allow
trout
doses
snowy
exile
clunk
snots
issue
skips
drawl
profs
could
pigmy
goons
rotor
emoji
trace
junta
touts
snuck
shade
havoc
humus
bidet
hardy
tamps
pubic
raged
still
ovary
bunks
dupes
sword
slays
taxed
mitre
wanes
curds
plate
bongs
stent
sluts
chimp
visas
mutts
pupil
buyer
holes
yokes
wince
divan
thief
whims
dally
ledge
cubic
filet
units
veeps
unfit
brave
ridge
risky
finis
motto
amble
helot
hyped
biers
logic
tares
fudge
bucks
flock
synod
trust
lyric
slope
pools
drier
deity
tines
gongs
gable
hulas
glory
penis
split
hulls
flows
elfin
knoll
shank
cloak
slabs
smart
quill
dooms
viral
idyls
beefs
skews
mangy
damns
prior
mamma
attar
noels
leash
queue
vulva
sites
speak
mated
affix
afoot
vexed
brisk
hypes
rayon
decks
minor
boars
races
bogie
gusts
owlet
sates
clove
smuts
garbs
baize
gismo
fries
pylon
story
ferns
yawed
roach
quirk
briar
hater
tenor
lubed
runny
array
gayly
clits
plans
bling
drunk
carat
minks
peers
cruel
aunts
bumpy
revel
mosey
triad
moody
crick
sloop
flout
impel
groan
broad
nurse
pores
bride
gulls
grows
asses
loots
pesos
cocks
noddy
flogs
aping
odder
toffy
phial
gruff
roses
fated
bawdy
tents
wizes
becks
aroma
noise
large
frost
audit
mooed
avian
chirp
cares
shies
repel
vales
copes
vaped
sound
coins
onion
wrack
urban
usage
stave
gulch
eight
dummy
olden
vivas
speed
needs
croon
ramps
koala
heady
coats
taunt
tulle
marks
buffs
aided
highs
nitre
leapt
gelid
tamed
cites
abash
wagon
flirt
serve
plane
swash
count
pulpy
lumps
topic
sprig
scold
gourd
charm
spurn
sense
wings
cozen
ketch
echos
mesas
flume
plaza
oiled
tangy
reeks
aural
sabre
bingo
foamy
sewed
darns
kicks
loans
fever
dorks
latte
novae
games
tutor
purer
hides
fakes
furry
pixie
rabid
toque
pries
flare
pates
paint
caret
curer
burps
café
burns
scows
okays
awoke
celli
raves
stout
urged
sixes
leaks
await
court
plead
dimly
curve
acute
rowed
earth
lupus
jiffy
muffs
flask
error
bread
globs
bluff
vamps
doyen
chefs
odium
floor
cairn
bobby
timer
gaunt
pasta
gutsy
daily
mayor
vetch
brays
bells
grimy
abets
terry
flush
indue
melds
rules
scorn
float
autos
dunks
marts
relic
freak
knife
ruses
macho
infer
beams
cuter
wefts
debit
sores
lodge
lolls
dowel
torte
riled
slews
enrol
women
sighs
poker
jades
merge
nosed
idiom
sadly
chive
colts
moved
knees
pulse
white
lemma
spare
brace
inept
beset
sudsy
visor
pecks
pumas
feign
evils
rents
spasm
sauna
mouth
troop
dwell
never
every
tails
ticks
jeers
cadet
lifts
mills
dodos
rusty
mumps
butch
poses
wimps
gunny
wooer
medal
germs
tidal
brier
lodes
cagey
waxed
aeons
bleat
kinky
rajah
skunk
basso
sacks
aloud
inert
meted
sized
river
roars
herds
lotto
lairs
lamas
spite
fazes
wreak
cheek
loons
zippy
ricks
bonds
rared
later
baled
venom
pipes
foams
hoods
bunny
brain
nines
cased
humid
tripe
hopes
klutz
broke
track
pumps
poops
demur
apron
twerp
ovule
maces
joist
tumid
ditto
route
chief
wrest
views
flops
field
radon
burst
expos
brawl
stays
umiak
phony
purrs
seedy
cheer
links
okras
whose
lanes
marsh
nimbi
hoard
spoof
fogey
wells
plunk
zombi
deeps
twirl
sizer
siren
asked
guava
dices
ninny
wales
satyr
knelt
stash
earns
ampul
lemme
rifer
fresh
piece
inlay
aspen
decay
wiled
miler
lakes
fests
paler
perks
shaky
wikis
yucca
inter
topaz
pesky
navel
watch
chump
tasty
bower
pease
brief
swags
belly
lands
deify
embed
thigh
flyby
crams
ozone
unity
proxy
gusto
wroth
nests
dings
coked
nuked
slung
caped
rises
mewed
handy
blurs
spurs
riced
beaks
crabs
uncle
kapok
xylem
warms
colas
thrum
expel
crave
hayed
venal
fores
bones
mopes
cacti
swell
logon
smote
ruddy
writs
mamas
milky
keeps
cater
norms
peter
heave
sling
zoned
cress
muddy
moves
cacao
child
guise
virus
mores
fondu
unbar
extol
mauve
foods
piggy
reorg
scale
rocky
hales
chose
motor
proud
cabby
porch
camel
seals
pithy
haunt
pluck
reams
befit
wharf
nudes
straw
fleas
fifth
trays
stand
sager
frays
nacre
ruler
third
pints
trite
balds
dealt
keels
pansy
tones
poxes
rural
sigma
steep
fetch
fault
coded
conch
acorn
plumb
lathe
atoll
press
endow
filed
egged
solar
urges
knock
ivory
phish
bogey
gorge
tract
phone
croci
augur
foals
sheer
johns
swill
crane
huger
whine
snubs
legit
plain
money
imams
sties
toxin
bands
names
boast
grade
round
storm
pails
their
vying
edges
ready
sumps
droll
gypsy
codes
halos
blitz
shrub
mixed
wired
wiped
prove
cotes
liner
loamy
orbit
gouty
spear
agony
bract
devil
julep
chops
goods
faith
aegis
clime
meant
elegy
comet
staph
picks
reaps
burgs
reefs
gaits
undid
bulgy
brads
reset
slosh
logos
spout
foist
shrew
plods
there
mecca
bleak
taint
spice
recta
mirth
blogs
jehad
gauge
beefy
iambs
lymph
tipsy
lefty
loony
pouts
casts
claim
queen
value
civic
kinds
gazes
dunno
prize
cysts
puffy
boney
steal
slant
tomes
gents
clogs
ducks
booty
strip
shins
rimed
thick
seeps
blurt
rogue
acted
fiery
vents
sally
dread
shalt
skulk
chord
ritzy
stint
irate
shift
dazes
arose
pales
dozed
obits
comma
mossy
crows
stark
gains
slums
wombs
icier
hails
dirty
semen
vocal
fawns
riffs
outed
gully
hawed
gumbo
whack
sunny
skirt
forts
fryer
honed
teens
lithe
naves
snack
vault
manes
adman
fluke
aught
churn
roods
creep
noble
ruing
groin
hoist
holed
frets
actor
sawed
amend
crack
roofs
roué
bongo
toads
stirs
poppa
decor
scuds
merry
reins
funky
felon
frame
allay
zebus
offed
dozes
adieu
envoy
bylaw
crook
tusks
tends
grace
voile
jaunt
rivet
tombs
spake
teary
whirl
deers
bulge
caper
pipit
dusky
soggy
flake
ashen
barns
tweet
tubes
rouge
image
creel
weest
fifes
achoo
huffs
yards
heeds
hooks
taped
coots
dikes
spoke
tiles
hires
pukes
oaths
tiros
spams
camps
group
yours
trump
anime
mealy
finer
rakes
totem
alibi
plums
semis
bight
giant
bulbs
shall
widow
messy
style
swoon
copra
point
hills
viola
parks
pasha
snugs
unset
remit
ducat
posse
baggy
theta
rifle
scums
vibes
place
zings
scuff
exult
voice
stale
galls
jerks
heard
manic
seams
caved
lilts
ankhs
miffs
bouts
silts
maven
miser
siege
sepia
equal
nails
stood
greed
perms
patio
goose
evict
barer
baits
clean
banes
beers
gibed
maids
minty
spell
motel
jambs
corns
balky
tonne
tyres
coven
loins
canal
rally
vices
boots
wears
busby
frown
emits
rests
vanes
frees
raped
hoary
dogie
avoid
quilt
lousy
habit
stilt
felts
teaks
roads
torts
surge
spoor
alone
equip
mites
snide
label
union
gonna
plies
cling
trail
wilts
lungs
fount
posit
nippy
cooed
flies
tramp
steed
tardy
hinds
rills
octet
strum
eying
sings
tales
bough
minis
heath
molls
gravy
spark
hiker
pixel
brood
fifty
stops
grind
winks
barks
adept
oared
manna
study
eased
files
gurus
cries
rates
stack
snoot
palsy
brawn
guyed
scats
exits
cowed
sight
atoms
bergs
carts
eaten
state
finny
potty
faced
waist
frisk
fête
leech
grubs
tough
offal
conga
chock
roved
sways
drain
boles
lefts
aloft
glued
metal
lobed
ailed
dopes
cutup
cubit
telex
hoses
ruins
dears
stoke
flubs
break
divot
kinda
welts
anise
veins
osier
weigh
dilly
viper
being
basin
drill
tills
besot
crepe
bales
wooly
opine
sands
chant
green
judge
minds
pushy
loafs
sneak
shear
miner
quart
newly
fours
buses
reeds
slime
hoofs
pager
metro
fairy
plant
askew
galas
froze
hosed
suits
older
young
dived
tapir
wrath
yucks
rigid
euros
beige
grime
tight
patsy
forte
drugs
steam
fined
irked
shire
gross
scabs
pares
spray
aurae
sames
baulk
shuck
servo
epics
meals
bosun
barge
shine
snail
roots
hefts
shone
dwelt
nicks
stall
sneer
genii
kopek
gores
bloat
sulks
click
amiss
balls
piled
ethic
fists
yarns
goals
stews
pages
tilts
jawed
macro
glitz
blare
aches
bangs
sappy
blade
poems
orals
wares
flips
glows
plump
muggy
welds
loves
spelt
shtik
words
elves
keyed
menus
otter
mitts
abeam
bulls
sprat
thaws
roost
laces
penes
peeks
loyal
forks
taupe
frump
guano
wakes
punch
meaty
spuds
trawl
bytes
heist
theft
shrug
scrod
kazoo
sells
screw
waive
yearn
omens
laths
quads
weals
chest
idles
harts
colic
gamin
bland
goofy
bayou
nouns
djinn
promo
jolts
sperm
hydra
froth
kilns
trice
waifs
sires
soled
enemy
locus
growl
piped
truss
schwa
dacha
dyers
posed
bossy
jihad
windy
leach
zones
civil
soppy
buggy
stare
nears
pokey
kites
cumin
radio
skill
guild
rhyme
enjoy
skids
tames
aptly
algae
maize
eider
strep
briny
abode
stoop
duets
bolls
rowdy
talks
parry
realm
might
jetty
lupin
clots
times
godly
turfs
super
blown
bebop
limes
tasks
skeet
mucky
dizzy
waste
papal
holds
sable
jimmy
gives
reals
march
jacks
booed
wanly
dukes
emirs
gawks
prism
liege
matts
viand
creek
posts
awake
booth
scads
owing
inked
quiet
wound
twerk
louts
doted
whorl
stony
bulky
sagas
suing
tempi
hazes
nicer
quote
jumps
pains
muses
doped
canoe
farts
slugs
poles
today
gofer
basks
exact
oozes
bravo
oinks
tiffs
slags
these
alloy
boxer
bards
amirs
thump
trick
socks
lives
mousy
krone
query
umbel
verbs
ninth
scrub
boxes
overs
mooch
cleat
dimer
shore
weeds
fusty
bassi
annoy
hones
empty
miens
joins
abaci
lanky
sidle
toyed
utter
alpha
sinew
carry
hairy
rebus
haves
cried
match
grips
bogus
howls
maced
alums
paths
flaws
bonus
shove
sheds
bunch
dough
whirr
tonal
kaput
gifts
meats
nooks
mucks
lurid
facts
newer
helps
scope
loved
stats
fixed
sinks
verge
batty
gills
ought
slide
brags
harks
gelds
perch
spore
shoes
petty
gated
genre
mocha
trash
marry
going
guest
hutch
bores
glare
tepee
worry
laser
among
frill
micra
doubt
nosey
cluck
bayed
pilaw
abort
churl
outgo
wraps
lured
pecan
doves
drips
ferry
downy
kiddy
coast
maybe
aback
inapt
miaow
twain
octal
dirks
serfs
faxes
palmy
check
slaps
souse
tinny
flood
oases
rimes
ether
fetal
hello
wands
yanks
vague
spins
nobly
nuder
agape
beads
fruit
rifts
avers
phyla
chaff
donor
slily
binge
wadis
clear
faked
crude
hosts
toast
teams
eyrie
primp
erect
mound
torso
crape
pawed
dirge
sonar
surer
plays
shuts
forty
swing
feint
folio
pizza
refer
exalt
zilch
cream
peach
faces
nonce
snarl
cured
babel
swine
tilde
fulls
yeses
hooky
clone
frats
hoops
biped
foxes
hunks
gloss
model
filmy
usher
dudes
quack
llama
whelp
bitch
puppy
teats
print
tries
argue
helix
hertz
netts
wages
infix
taser
tanks
swore
boons
coped
needy
acrid
vista
dingo
brews
shyly
lever
jerky
manga
scalp
owned
elate
books
melon
irony
musty
strap
sough
glyph
traps
stone
pimps
modes
scald
firth
hilts
curry
earls
curio
spoon
rummy
wades
drone
birch
hotly
waver
futon
inlet
named
pokes
stork
steak
adopt
pekoe
fazed
fared
alter
cooks
renal
baton
aerie
sheet
tiger
blabs
choir
floss
preys
gnats
badly
tints
berry
revue
suede
clamp
toner
foots
scrap
ponds
scamp
rabbi
sober
mists
known
amigo
risen
chill
podia
ahead
curse
lards
gabby
price
teach
goner
oldie
beget
novel
maxim
druid
tires
folds
peons
bilge
globe
limed
dimes
shied
gnarl
wager
chino
rains
wined
oasis
risks
pairs
cawed
paged
onset
lambs
yacht
heals
where
sibyl
gamey
gecko
payer
yowls
slush
saucy
anted
lords
frank
mulch
smear
rugby
jokes
memos
brook
bible
which
cheep
gnash
elide
sated
slops
wives
skier
buddy
newsy
laxer
fixer
beaus
vinyl
magma
clipt
plait
sleds
aphid
carbs
fills
slits
chain
viols
riser
burnt
fines
renew
wring
leaps
stags
faded
pones
typed
craps
assay
mania
riots
howdy
debar
naked
thins
joust
rusks
abase
bilks
veldt
joked
capes
swish
comfy
whams
knead
gored
ranks
vised
trios
elite
gazer
eerie
slake
dream
agile
pygmy
tears
wrens
uncut
frier
merit
hedge
goody
bares
swain
swoop
dykes
shawl
roast
meter
poohs
found
gauze
daddy
masks
timid
dogma
cases
piked
ulnae
voles
shred
quits
munch
furls
plank
verve
belle
slash
toady
focal
abate
wedge
chart
jinni
loped
tests
swipe
alien
blush
timed
hours
psych
apace
wiper
ousts
usurp
relay
paved
align
winos
flown
besom
light
spied
foray
droop
fairs
mixes
solve
dryly
beast
entry
multi
guile
duels
outdo
pious
mazes
depth
birth
teeth
abaft
plied
chalk
adzes
gowns
kneel
bandy
sired
trill
silly
skiff
fords
cools
scoff
fired
inane
coach
agism
salsa
burka
grunt
forms
mould
radar
diced
clasp
layer
stunt
ghost
spicy
fewer
texts
inset
leggy
mulls
sassy
fetid
combo
cunts
basis
girls
croup
night
curly
swamp
jolly
auras
stump
fezes
smith
waits
whirs
neath
graze
beryl
glaze
bimbo
vowel
toots
numbs
mused
upped
nomad
grist
kerbs
toils
moats
admen
meres
dicta
bugle
snaps
ember
lions
party
ruffs
harps
deter
dusty
larks
rafts
romps
lucky
huffy
hunch
arses
weird
belch
horny
stake
daubs
hooch
slurp
jaded
aglow
wrong
chuck
blond
email
tunic
wants
amour
plush
tacit
royal
sorer
caged
shock
wires
murky
yahoo
rares
ripen
maims
sinus
gaped
peril
damps
itchy
bliss
brine
ditch
gummy
truth
haled
shlep
hyper
prosy
reeve
perky
lisle
hymen
uteri
lover
glens
demon
serge
badge
taxes
sweet
musts
slunk
feeds
sumac
noisy
arrow
lance
jocks
spoil
roman
curvy
manly
haler
belay
dicks
birds
lazes
yogis
kudzu
fence
terms
moult
drawn
raced
wises
sheep
shave
usual
saner
vivid
queer
hokey
crest
addle
gaffs
sales
slips
lisps
bagel
prude
since
nabob
class
trait
whizz
popes
fatal
detox
wolfs
pasts
snits
temps
sieve
homey
junky
woman
clams
stage
hiked
breed
slept
waxen
jeans
volts
boors
sages
under
funny
agate
salad
below
smell
septa
divvy
reels
rearm
rhino
leery
truce
swirl
amber
rarer
napes
udder
lapel
about
geode
rower
after
tunes
aging
payed
jibes
mushy
prowl
swops
typos
squab
gasps
steps
ensue
woven
clung
dweeb
cubed
shale
began
canny
wight
gilts
cowls
artsy
seize
debts
robed
talon
splay
umber
goads
dance
piety
brink
padre
drily
fonts
votes
limbo
moons
hymns
fails
mural
crime
roles
conic
drove
woody
tweed
karma
hanky
nerve
tokes
laugh
clops
nervy
drool
stank
hyena
mucus
veils
avail
toted
lusts
boner
niche
nymph
bends
comic
peace
lemur
seats
worth
toned
leads
smirk
sexed
codas
dusts
cuing
quota
mimed
peals
cents
techs
nukes
kills
spiky
hotel
humps
anode
chins
meows
recur
valet
eagle
graph
dicey
fatty
roger
cramp
lobby
dares
grief
rices
scans
crass
lopes
hulks
calfs
swabs
leans
savvy
order
pewee
atlas
aloha
agent
tuner
dulls
haste
dairy
matzo
mimes
above
tepid
leaky
honks
raked
moles
vireo
aisle
execs
waken
shoal
delis
weans
cilia
geeks
decaf
arise
flaps
other
weeps
gates
beans
dress
tried
resin
rouse
sloes
titan
dowse
pucks
rasps
hakes
prone
zeros
begun
falls
media
homed
gnome
knots
lamed
sises
vowed
proms
cinch
pilot
bowel
usury
prods
bulks
viced
safes
kiwis
emery
chewy
excel
hypos
blocs
crush
coyly
grabs
armed
wills
deuce
hacks
nixes
ranch
crash
ulcer
ashed
croak
docks
vomit
kabob
downs
cords
adore
lynch
thine
sucks
bused
khans
cloys
curbs
clued
crone
slots
flags
alarm
cores
rings
chasm
glues
skyed
canon
slyer
lease
kooky
hovel
thees
sheen
lipid
final
frizz
dotty
bowls
adapt
malts
regal
towed
crust
erupt
flunk
poets
prong
hawks
icons
farce
faker
payee
stalk
chair
sedge
brass
discs
thous
whale
ester
trike
blunt
doing
slain
least
spade
teeny
antes
colon
mines
shits
kinks
crate
joule
vicar
tenon
facet
seven
matte
cloth
draft
chime
gluey
aloes
ploys
unify
japes
tykes
serum
guide
tying
moron
overt
gayer
dodge
novas
jelly
hints
fishy
peels
winds
means
mikes
saith
narks
lined
piing
rides
vodka
taker
afoul
femur
heaps
girds
index
stoat
venue
trees
rusts
woofs
gorse
daunt
japan
morns
coons
staff
epoxy
shuns
happy
pudgy
obese
loops
harry
hated
borer
spurt
arced
laxly
added
rites
parse
shunt
pitch
limps
carps
samba
edits
booby
oaten
chapt
saver
blots
tufts
yodel
cadge
flees
bully
keens
power
flute
catch
jowls
dying
twist
lames
calve
pings
agree
kiosk
thank
trade
unwed
coils
clash
wowed
slave
ethos
chess
dents
sewer
waned
blink
misdo
waves
abide
grave
herbs
velds
belie
clump
idled
raids
pricy
audio
purse
blues
bawls
saint
snafu
bigot
mimic
toddy
waked
spawn
plots
pyres
skims
lowly
phlox
bicep
pangs
unsay
flour
biddy
smash
swaps
snore
brute
jello
chats
troll
ebbed
chore
glean
ragas
dials
hogan
terse
runts
soles
thymi
doers
given
oboes
raved
fanny
patch
yucky
rider
baste
pupal
tense
crept
franc
calif
sicks
watts
astir
probe
lumpy
axiom
clans
myths
gybes
milch
purge
golly
hover
casks
pride
drive
boozy
prawn
fives
fleet
piano
loges
gripe
rebel
balmy
scaly
prows
bunts
inner
claws
beaux
cadre
gimme
gluts
quoth
yawls
boats
soapy
tolls
davit
tulip
bungs
worse
gleam
chute
piton
rants
fowls
notch
squad
raspy
woods
mints
cliff
beats
knits
sherd
tawny
dames
caddy
incur
maxes
antis
vixen
wider
moray
burrs
owner
brown
users
blood
gales
unpin
forgo
firms
paced
drams
mains
crock
scarf
tooth
horde
music
prays
short
liver
signs
rages
calls
witch
togas
baker
leave
brick
idyll
bents
axles
nutty
torsi
peeps
yogin
idiot
ships
brand
halon
grads
omits
dicky
rooms
chomp
pinch
draws
totes
upset
squat
halve
sitar
relax
hands
cared
decoy
award
salts
shown
plops
peeve
choke
blurb
hairs
bloom
prate
golfs
plugs
guess
patty
spans
vises
aides
spend
bathe
nudge
coupe
diets
alike
funks
yummy
poked
shush
junco
amity
cocci
snoop
vaunt
admit
tango
phase
balms
tipis
sizes
trial
abler
momma
sushi
tutus
chunk
winch
hussy
blips
rapes
appal
jibed
graft
kooks
until
gaudy
uvula
axons
worms
pussy
doffs
valve
wench
angel
razed
covet
satin
grope
grebe
rapid
surfs
modem
ended
aorta
kudos
board
beard
rajas
sheik
hikes
igloo
foxed
hasty
awing
warns
palls
dumps
treed
whore
cuffs
acres
gooey
lusty
gushy
orate
champ
smile
lager
climb
surly
snort
riper
lasts
rawer
bests
memes
beets
shoed
hives
argot
craft
enter
radii
basic
weedy
tibia
movie
alias
chick
juicy
fused
preen
lends
moist
whoop
lamer
raise
axing
fumes
nappy
clews
grams
hanks
weeks
moors
pilau
turns
banns
ogles
broil
skins
blast
hafts
leper
trams
pawns
narcs
crops
gases
gavel
roves
minim
hokum
apply
burly
deals
feast
pants
rosin
punts
jazzy
yeast
wacky
stool
evade
abbey
reads
curls
abyss
sauce
bases
broom
dinky
dates
seems
ashes
welch
recap
dared
seers
blimp
quail
grout
altos
table
delta
faxed
brows
spill
sided
pulps
clout
feats
imbue
ducal
ceded
odour
spats
blest
snipe
bumps
antic
miked
pleat
baths
clods
parka
wooed
tangs
lines
wrist
gamed
wryly
makes
mutes
scene
wafts
tubby
fully
quell
boxed
seeks
borne
fetus
ikons
rupee
blank
candy
comer
creak
broth
decry
nylon
gotta
turds
quite
hocks
drums
prime
idols
barfs
ingot
tools
login
shirr
gipsy
diode
niece
tweak
domes
chums
licks
peppy
black
madly
icing
vapes
nanny
wanna
fitly
taper
token
wrote
yocks
pique
deems
quays
daisy
ditty
glint
panel
skits
clubs
gaily
fluff
cushy
fussy
vials
dines
brush
hasps
stung
nifty
learn
twang
roils
aster
ovals
alive
stein
quake
knows
banks
coops
polio
drags
stuff
botch
macaw
duvet
pasty
gamut
ounce
irons
soars
maxed
glass
newel
beady
credo
speck
larch
scowl
frogs
mover
trope
wryer
horse
truck
woken
ebony
greys
packs
lurks
cargo
tarps
dives
early
level
panda
filch
calms
budge
fizzy
wheel
cover
reedy
cells
tiled
stead
razor
trots
harem
catty
dopey
apple
doggy
canto
pinky
bozos
randy
walks
saree
proof
paean
bears
rerun
coral
grain
forge
sweep
rinds
baser
motif
erode
direr
hauls
gloom
ratio
pleas
musky
douse
toked
paddy
derby
poled
fangs
jilts
parch
miles
roomy
bauds
vital
modal
meets
mules
hippo
jives
grove
tacky
frond
waded
stabs
stoic
pared
deism
ravel
hurry
annul
waved
foggy
swigs
often
dregs
runes
aired
apart
chows
wacko
retry
drops
urine
leeks
diary
cones
latch
stows
kayak
ghoul
robot
arson
booms
bails
undue
slims
amuck
paste
torus
finds
scoot
whens
bluer
moped
poppy
world
mussy
geeky
malls
quaff
husky
flack
scoop
byway
homes
pence
rough
wetly
dryad
soils
sills
muted
louse
soups
lists
pupae
cycle
goats
steel
lying
cobra
forum
tired
barbs
lifer
prose
shiny
hubby
scrip
lobes
crimp
refit
flits
brusk
heros
notes
kicky
acids
sport
annex
peony
album
tenth
aimed
maker
angle
solos
tarot
lurch
yacks
rangy
linen
milks
amass
shelf
weary
hilly
cheat
bites
repay
rowel
quoit
kebob
snips
spool
block
duped
sooth
eject
clefs
prick
shads
title
moans
blind
tides
piker
kneed
prigs
think
leafy
stiff
snobs
calyx
blued
ruder
hippy
shook
scuba
campy
fling
skimp
belts
boobs
ochre
filth
vouch
cameo
throw
icily
sully
misty
brats
freer
mauls
sisal
redid
fuses
along
aside
vines
yeahs
shahs
cheap
luaus
penal
daffy
rated
anion
rumba
wipes
feral
letup
czars
tromp
wails
polls
corps
middy
eaves
lower
bushy
flair
shack
grasp
quire
begot
taken
gizmo
yuppy
zincs
petal
front
quash
newts
tunas
cures
caste
allot
chaos
pried
myrrh
neigh
drank
lucid
react
noses
fight
testy
jinns
ameer
enact
sects
kilts
dorky
pests
swung
walls
major
disks
fraud
ennui
bruin
softy
zooms
cider
input
nacho
ladle
shorn
digit
shady
lotus
spilt
fuzzy
salty
cache
backs
butte
baaed
scurf
years
craws
sheaf
greet
crony
nodes
demos
kitty
booze
cusps
craze
tacks
carol
grass
shoot
strew
lasso
stray
longs
shark
wimpy
nerdy
shots
fauna
loath
fluid
soaks
pause
gland
pilaf
wheal
waltz
smack
genes
wiser
tamer
tinge
spiny
cigar
sniff
jails
gusty
blobs
swans
bombs
noose
fjord
dells
wacks
rubes
tower
death
freed
grown
sugar
monks
share
rocks
false
loose
cynic
shoon
colds
famed
scams
bikes
amino
stamp
fells
theme
clerk
amuse
darts
crawl
cough
songs
deign
crags
guppy
dried
knobs
latex
lades
gawky
suave
works
squid
ovens
evoke
lacks
goofs
panty
safer
adorn
flesh
riven
tansy
flier
right
liken
dales
harms
auger
tiara
swami
looms
liked
flick
stick
shaft
rends
grids
mommy
quark
molar
conks
flues
befog
oxbow
emcee
stove
girth
jeeps
sunup
spent
bless
poach
ogres
dados
evens
slump
snags
raven
liker
panes
jewel
spank
lunch
depot
psalm
basil
cocky
hitch
berms
heats
great
slang
yells
pivot
toxic
bored
warts
llano
dosed
rinks
seamy
boded
spire
horsy
minus
thyme
mynah
smock
halts
atria
hence
stems
cupid
tuxes
dolts
lowed
licit
yokel
whelk
fiefs
shags
singe
decal
swift
twine
curie
photo
datum
truer
fixes
vacua
karat
chaps
mewls
tarry
warps
boron
duded
bided
write
nerds
small
ideal
voids
abbot
cants
cruet
whole
divas
slimy
drape
beech
twits
ninja
treks
adult
seeds
cults
bleed
space
roped
bates
midge
naval
whist
shout
fried
trued
putts
nasty
tabby
shirk
chink
crier
amply
flame
awash
fucks
wines
boned
snuff
satay
scary
sorts
treat
halls
noway
condo
shims
poesy
hived
outer
props
shyer
vigil
labia
reign
anger
acing
fauns
gibes
nixed
sworn
blame
salon
wisps
robes
noted
fungi
gooks
human
drama
waged
whats
snake
witty
valid
argon
papas
homie
guilt
dunce
angry
pacts
dross
items
tonic
polyp
binds
finch
event
puree
fumed
rears
drink
razes
rails
bated
ropes
diver
bring
unite
riles
tongs
cause
altar
gangs
smite
grand
start
diked
vends
nasal
sades
ample
opted
filly
smoky
boost
ankle
crews
burro
jumbo
sleek
sofas
isles
paled
jabot
biked
madam
fares
flail
glove
enure
month
weave
hazed
takes
ovoid
heavy
burqa
liras
edged
gamma
stubs
hicks
slyly
fuels
retch
codex
whisk
friar
clock
those
iotas
purls
welsh
vases
anvil
quips
dumpy
libel
corks
spacy
swims
tours
fears
shoos
scour
mares
epoch
caulk
liven
puffs
wrung
force
cloud
robin
slats
spiel
mates
based
shame
rainy
dined
tacos
apses
local
tikes
towns
brims
spews
butts
sorry
snare
shake
swarm
tared
reply
kebab
ratty
denim
twice
lorry
upper
picky
grant
balks
water
tenet
golds
tunny
hears
knell
cleft
caned
melts
hexes
deeds
wormy
elect
grate
harsh
gapes
while
enema
boils
hares
hexed
voter
jived
fates
nigga
stile
bodes
jumpy
serer
dotes
stern
avast
liars
glads
braid
lucks
knack
hates
begin
reach
chars
soupy
creed
feted
oaken
shops
awful
erred
crisp
sever
ulnas
clack
spars
covey
clomp
tryst
strut
natal
drabs
leers
syncs
poise
mouse
comas
elbow
arena
clown
sandy
spies
taste
bosom
glide
cakes
canes
sward
slued
saved
bleep
dowdy
lubes
rooks
hound
roams
hooey
veers
lulls
pouch
synch
hared
slogs
cocoa
focus
moots
gloat
azure
scent
laced
taros
hatch
chugs
rover
pocks
naive
trues
gilds
cease
upend
worst
fancy
gnawn
flyer
smoke
mourn
whiff
duchy
soaps
punks
amaze
unzip
mavin
sorta
hefty
limns
mocks
frack
mogul
largo
coifs
touch
defer
tease
unman
leafs
styes
silky
swats
wrier
dries
ivies
scion
dingy
livid
bevel
idler
lunar
pinks
grits
skies
sonny
wards
paces
smelt
fiend
visit
slate
fiver
fiord
buxom
adobe
pooch
alley
tapes
routs
thing
nexus
taboo
gaols
ogled
types
culls
quest
dills
salvo
fluky
papaw
dowry
muter
oakum
emote
youth
thugs
tempo
whits
crowd
aloof
abuts
loner
wordy
penny
tribe
limit
elder
senna
helms
mires
abhor
woozy
grill
sleet
spate
swear
heart
midst
slows
solid
wilds
blend
floes
necks
pelts
roans
folly
sonic
likes
mange
caves
video
easel
grins
swept
feels
lingo
grape
dungs
trips
hired
tubas
finks
sours
sails
batik
trunk
lamps
dazed
flung
loxes
chide
pines
ascot
saxes
edict
tizzy
widen
sweat
rungs
giddy
pears
baked
joint
strop
exude
sepal
mason
flats
racks
mount
china
forth
scout
moire
troth
larva
total
hewed
pinto
dandy
cribs
sixth
khaki
heads
limbs
metes
ducts
nulls
spook
legal
skate
costs
flora
styli
frail
dozen
mercy
berth
lawns
vasts
moods
spits
tings
dolls
hinge
hoagy
moral
frock
setup
dawns
sooty
gulps
snout
hangs
busts
trend
tucks
sulky
mined
honey
rehab
mufti
civet
